Using Apple MPS

Loading data...
Warning: Patient ID 368 not found in metadata
Warning: Patient ID 436 not found in metadata
Total samples loaded: 240
Train set: 192 samples
Val set: 24 samples
Test set: 24 samples
Label stats (from train): mean=0.9679, std=0.1784

Model parameters: 11,247,041

Start training...
============================================================
Epoch [  1/50] Train Loss: 0.4162 | Val Loss: 0.5219 *
Epoch [  2/50] Train Loss: 0.3988 | Val Loss: 0.4742 *
Epoch [  3/50] Train Loss: 0.3326 | Val Loss: 0.4742
Epoch [  4/50] Train Loss: 0.3577 | Val Loss: 0.5889
Epoch [  5/50] Train Loss: 0.3222 | Val Loss: 0.4654 *
Epoch [  6/50] Train Loss: 0.2748 | Val Loss: 0.5871
Epoch [  7/50] Train Loss: 0.2464 | Val Loss: 0.5069
Epoch [  8/50] Train Loss: 0.2254 | Val Loss: 0.5309
Epoch [  9/50] Train Loss: 0.2023 | Val Loss: 0.5338
Epoch [ 10/50] Train Loss: 0.2305 | Val Loss: 0.5727
Epoch [ 11/50] Train Loss: 0.2113 | Val Loss: 0.5023
Epoch [ 12/50] Train Loss: 0.2016 | Val Loss: 0.5477
Epoch [ 13/50] Train Loss: 0.2062 | Val Loss: 0.4212 *
Epoch [ 14/50] Train Loss: 0.1960 | Val Loss: 0.4776
Epoch [ 15/50] Train Loss: 0.1715 | Val Loss: 0.4940
Epoch [ 16/50] Train Loss: 0.1564 | Val Loss: 0.5110
Epoch [ 17/50] Train Loss: 0.1792 | Val Loss: 0.5368
Epoch [ 18/50] Train Loss: 0.1251 | Val Loss: 0.4643
Epoch [ 19/50] Train Loss: 0.1333 | Val Loss: 0.5118
Epoch [ 20/50] Train Loss: 0.1273 | Val Loss: 0.5449
Epoch [ 21/50] Train Loss: 0.1264 | Val Loss: 0.5309
Epoch [ 22/50] Train Loss: 0.1268 | Val Loss: 0.5059
Epoch [ 23/50] Train Loss: 0.1184 | Val Loss: 0.5395
Epoch [ 24/50] Train Loss: 0.0970 | Val Loss: 0.5213
Epoch [ 25/50] Train Loss: 0.0922 | Val Loss: 0.5059
Epoch [ 26/50] Train Loss: 0.1249 | Val Loss: 0.5131
Epoch [ 27/50] Train Loss: 0.1042 | Val Loss: 0.5086
Epoch [ 28/50] Train Loss: 0.0795 | Val Loss: 0.5087

Early stopping triggered after 28 epochs (no improvement for 15 epochs)
============================================================
Training complete! Best val loss: 0.4212

Loading best model for testing...

========================================
          Test Results
========================================
MSE  (Mean Squared Error):      0.0241
RMSE (Root Mean Squared Error): 0.1552
MAE  (Mean Absolute Error):     0.1277
R2   (Coefficient of Determination): 0.1406
========================================

Prediction examples (first 10):
------------------------------
   Actual    |  Predicted  
------------------------------
   1.280     |    1.126    
   1.113     |    0.974    
   0.931     |    0.731    
   0.847     |    0.770    
   0.929     |    0.957    
   0.726     |    0.863    
   1.010     |    1.093    
   0.681     |    0.791    
   1.105     |    1.004    
   1.219     |    1.088    
------------------------------